[M::mm_idx_gen::0.001*3.89] collected minimizers
[M::mm_idx_gen::0.004*3.87] sorted minimizers
[M::main::0.004*3.85] loaded/built the index for 1 target sequence(s)
[M::mm_mapopt_update::0.004*3.75] mid_occ = 200
[M::mm_idx_stat] kmer size: 19; skip: 19; is_hpc: 0; #seq: 1
[M::mm_idx_stat::0.004*3.68] distinct minimizers: 313 (100.00% are singletons); average occurrences: 1.000; average spacing: 10.262; total length: 3212
[M::worker_pipeline::0.006*2.76] mapped 1 sequences
[M::main] Version: 2.24-r1122
[M::main] CMD: /home/root640/software/miniconda3/envs/fp/bin/minimap2 -c -x asm10 -B5 -O4,16 --no-long-join -r 85 -N 100 -s 65 -z 200 --mask-level 1 --min-occ 200 -g 2500 --score-N 2 --cs -t 10 /data/12T/fp/plant_1000/testVIGA/test/Genome/metaquast/MK720631.1/quast_corrected_input/combined_reference.fasta /data/12T/fp/plant_1000/testVIGA/test/Genome/metaquast/MK720631.1/combined_reference/../quast_corrected_input/ragtag_scaffold_fasta1
[M::main] Real time: 0.007 sec; CPU: 0.018 sec; Peak RSS: 0.043 GB
