[M::mm_idx_gen::0.002*3.67] collected minimizers
[M::mm_idx_gen::0.004*5.23] sorted minimizers
[M::main::0.004*5.20] loaded/built the index for 1 target sequence(s)
[M::mm_mapopt_update::0.004*5.05] mid_occ = 200
[M::mm_idx_stat] kmer size: 19; skip: 19; is_hpc: 0; #seq: 1
[M::mm_idx_stat::0.004*4.96] distinct minimizers: 323 (100.00% are singletons); average occurrences: 1.000; average spacing: 9.954; total length: 3215
[M::worker_pipeline::0.007*3.37] mapped 1 sequences
[M::main] Version: 2.24-r1122
[M::main] CMD: /home/root640/software/miniconda3/envs/fp/bin/minimap2 -c -x asm5 -B5 -O4,16 --no-long-join -r 85 -N 50 -s 65 -z 200 --mask-level 0.9 --min-occ 200 -g 2500 --score-N 2 --cs -t 10 /data/12T/fp/plant_1000/testVIGA/test/Genome/metaquast/MK720628.1/quast_corrected_input/MK720628.1.fa /data/12T/fp/plant_1000/testVIGA/test/Genome/metaquast/MK720628.1/quast_corrected_input/ragtag-scaffold-fasta1_to_MK720628.1.fasta
[M::main] Real time: 0.007 sec; CPU: 0.024 sec; Peak RSS: 0.056 GB
