Aligning contigs to reference...
	Using existing alignments...
Parsing coords...
Loading reference...
	Loaded [MK720628.1_MK720628.1]
	Total Regions: 1
	Total Region Length: 3215
Analyzing contigs...
CONTIG: MK720628.1_RagTag (3216bp)
Best alignment score: 3108.9 (LEN: 3212, IDY: 96.79), Total number of alignments: 1
		One align captures most of this contig: 1 3212 | 1 3212 | 3212 3212 | 96.79 | MK720628.1_MK720628.1 MK720628.1_RagTag

Analyzing coverage...
Writing SNPs into /data/12T/fp/plant_1000/testVIGA/test/Genome/metaquast/MK720628.1/runs_per_reference/MK720628.1/contigs_reports/minimap_output/ragtag-scaffold-fasta1.used_snps.gz

Analysis is finished!
Founded SNPs were written into /data/12T/fp/plant_1000/testVIGA/test/Genome/metaquast/MK720628.1/runs_per_reference/MK720628.1/contigs_reports/minimap_output/ragtag-scaffold-fasta1.used_snps.gz

Results:
	Local Misassemblies: 0
	Misassemblies: 0
		Relocations: 0
		Translocations: 0
		Inversions: 0
	Scaffold gap extensive misassemblies: 0
	Scaffold gap local misassemblies: 0
	Misassembled Contigs: 0
	Misassembled Contig Bases: 0
	Misassemblies Inter-Contig Overlap: 0
Unaligned Contigs: 0 + 0 part
Half Unaligned Contigs with Misassemblies: 0
Unaligned Contig Bases: 0

Ambiguously Mapped Contigs: 0
Total Bases in Ambiguously Mapped Contigs: 0
Extra Bases in Ambiguously Mapped Contigs: 0
Note that --allow-ambiguity option was set to "one" and only first alignment per each of these contigs was used.

	Covered Bases: 3212

	SNPs: 103
	Insertions: 0
	Deletions: 0

